[
    {
        "opcode": "ld",
        "arg1": "rx3",
        "arg2": 0
    },
    {
        "opcode": "wr",
        "arg1": "rx3"
    },
    {
        "opcode": "ld",
        "arg1": "rx2",
        "arg2": 0
    },
    {
        "opcode": "input"
    },
    {
        "opcode": "ld",
        "arg1": "rx15",
        "arg2": 15
    },
    {
        "opcode": "ld",
        "arg1": "rx2",
        "arg2": 0
    },
    {
        "opcode": "ld",
        "arg1": "rx4",
        "arg2": "rx2"
    },
    {
        "opcode": "je",
        "arg1": "rx4",
        "arg2": "rx0"
    },
    {
        "opcode": "ld",
        "arg1": "rx2",
        "arg2": 0
    },
    {
        "opcode": "ld",
        "arg1": "rx5",
        "arg2": "rx2"
    },
    {
        "opcode": "print",
        "arg1": "rx5",
        "arg2": 1
    },
    {
        "opcode": "ld",
        "arg1": "rx2",
        "arg2": 0
    },
    {
        "opcode": "input"
    },
    {
        "opcode": "ld",
        "arg1": "rx15",
        "arg2": 4
    },
    {
        "opcode": "jmp"
    },
    {
        "opcode": "halt"
    }
]